// Jest Snapshot v1, https://goo.gl/fbAQLP

exports[`loads a boost from a path 1`] = `
[
  "actions",
  "appSettings",
  "changedFiles",
  "codeBoost",
  "config",
  "id",
  "path",
  "pullRequest",
  "repository",
  "repositoryLimits",
  "runId",
  "scripts",
  "state",
  "version",
]
`;

exports[`sets the correct properties on create 1`] = `
[
  "actions",
  "appSettings",
  "changedFiles",
  "codeBoost",
  "config",
  "id",
  "path",
  "pullRequest",
  "repository",
  "repositoryLimits",
  "runId",
  "scripts",
  "state",
  "version",
]
`;
